main.c:156:5:_write	24	static
main.c:162:6:receive_value	40	static
main.c:172:9:map	16	static
main.c:187:5:main	8	static
main.c:262:6:SystemClock_Config	72	static
main.c:298:13:MX_I2C1_Init	8	static
main.c:331:13:MX_SPI2_Init	8	static
main.c:368:13:MX_TIM3_Init	48	static
main.c:420:13:MX_TIM4_Init	32	static
main.c:464:13:MX_USART1_UART_Init	8	static
main.c:494:13:MX_DMA_Init	16	static
main.c:511:13:MX_GPIO_Init	40	static
main.c:552:6:HAL_TIM_PeriodElapsedCallback	40	static
main.c:581:6:HAL_UARTEx_RxEventCallback	16	static
main.c:594:6:Error_Handler	4	static
