../Src/main.c:152:5:_write	24	static
../Src/main.c:158:6:receive_value	32	static
../Src/main.c:178:5:main	8	static
../Src/main.c:255:6:SystemClock_Config	72	static
../Src/main.c:291:13:MX_I2C1_Init	8	static
../Src/main.c:324:13:MX_SPI2_Init	8	static
../Src/main.c:361:13:MX_TIM3_Init	48	static
../Src/main.c:414:13:MX_TIM4_Init	32	static
../Src/main.c:458:13:MX_USART1_UART_Init	8	static
../Src/main.c:488:13:MX_DMA_Init	16	static
../Src/main.c:505:13:MX_GPIO_Init	40	static
../Src/main.c:546:6:HAL_TIM_PeriodElapsedCallback	40	static
../Src/main.c:577:6:HAL_UARTEx_RxEventCallback	16	static
../Src/main.c:603:6:Error_Handler	4	static
