../Inc/support.h:22:20:nRF24_CSN_L	8	static
../Inc/support.h:27:20:nRF24_CSN_H	8	static
../Inc/support.h:32:23:nRF24_LL_RW	32	static
../Src/nrf24.c:11:16:nRF24_ReadReg	24	static
../Src/nrf24.c:29:13:nRF24_WriteReg	16	static
../Src/nrf24.c:59:13:nRF24_ReadMBReg	24	static
../Src/nrf24.c:77:13:nRF24_WriteMBReg	16	static
../Src/nrf24.c:93:6:nRF24_Init	8	static
../Src/nrf24.c:131:9:nRF24_Check	24	static
../Src/nrf24.c:156:6:nRF24_SetPowerMode	24	static
../Src/nrf24.c:179:6:nRF24_SetOperationalMode	24	static
../Src/nrf24.c:195:6:nRF24_SetDynamicPayloadLength	24	static
../Src/nrf24.c:216:6:nRF24_SetPayloadWithAck	24	static
../Src/nrf24.c:236:6:nRF24_SetCRCScheme	24	static
../Src/nrf24.c:254:6:nRF24_SetRFChannel	16	static
../Src/nrf24.c:264:6:nRF24_SetAutoRetr	16	static
../Src/nrf24.c:275:6:nRF24_SetAddrWidth	16	static
../Src/nrf24.c:289:6:nRF24_SetAddr	24	static
../Src/nrf24.c:327:6:nRF24_SetTXPower	24	static
../Src/nrf24.c:341:6:nRF24_SetDataRate	24	static
../Src/nrf24.c:357:6:nRF24_SetRXPipe	24	static
../Src/nrf24.c:386:6:nRF24_ClosePipe	24	static
../Src/nrf24.c:401:6:nRF24_EnableAA	24	static
../Src/nrf24.c:415:6:nRF24_DisableAA	24	static
../Src/nrf24.c:438:9:nRF24_GetStatus	8	static
../Src/nrf24.c:448:9:nRF24_GetIRQFlags	8	static
../Src/nrf24.c:458:9:nRF24_GetStatus_RXFIFO	8	static
../Src/nrf24.c:468:9:nRF24_GetStatus_TXFIFO	8	static
../Src/nrf24.c:475:9:nRF24_GetRXSource	8	static
../Src/nrf24.c:484:9:nRF24_GetRetransmitCounters	8	static
../Src/nrf24.c:493:6:nRF24_ResetPLOS	16	static
../Src/nrf24.c:506:6:nRF24_FlushTX	8	static
../Src/nrf24.c:515:6:nRF24_FlushRX	8	static
../Src/nrf24.c:524:6:nRF24_ClearIRQFlags	16	static
../Src/nrf24.c:539:6:nRF24_WritePayload	16	static
../Src/nrf24.c:548:16:nRF24_GetRxDplPayloadWidth	16	static
../Src/nrf24.c:560:23:nRF24_ReadPayloadGeneric	32	static
../Src/nrf24.c:608:16:nRF24_ReadPayload	16	static
../Src/nrf24.c:613:16:nRF24_ReadPayloadDpl	16	static
../Src/nrf24.c:618:9:nRF24_GetFeatures	8	static
../Src/nrf24.c:622:6:nRF24_ActivateFeatures	8	static
../Src/nrf24.c:629:6:nRF24_WriteAckPayload	16	static
