main.c:159:5:_write	24	static
main.c:165:6:receive_value	32	static
main.c:184:5:main	8	static
main.c:268:6:SystemClock_Config	72	static
main.c:308:13:MX_I2C1_Init	8	static
main.c:342:13:MX_SPI2_Init	8	static
main.c:380:13:MX_TIM3_Init	48	static
main.c:441:13:MX_TIM4_Init	32	static
main.c:486:13:MX_USART1_UART_Init	8	static
main.c:519:13:MX_USART2_UART_Init	8	static
main.c:550:13:MX_DMA_Init	16	static
main.c:568:13:MX_GPIO_Init	40	static
main.c:610:6:HAL_TIM_PeriodElapsedCallback	40	static
main.c:641:6:HAL_UARTEx_RxEventCallback	16	static
main.c:666:6:Error_Handler	4	static,ignoring_inline_asm
