10:39:48 **** Incremental Build of configuration Debug for project Test_boardC21 ****
make -j12 all 
arm-none-eabi-gcc "../Src/main.c" -mcpu=cortex-m3 -std=gnu11 -g3 -DUSE_HAL_DRIVER -DSTM32F103xB -DDEBUG -c -I../Inc -I../Drivers/CMSIS/Device/ST/STM32F1xx/Include -I../Drivers/CMSIS/Include -I../Drivers/STM32F1xx_HAL_Driver/Inc/Legacy -I../Drivers/STM32F1xx_HAL_Driver/Inc -O0 -ffunction-sections -fdata-sections -Wall -fstack-usage -MMD -MP -MF"Src/main.d" -MT"Src/main.o" --specs=nano.specs -mfloat-abi=soft -mthumb -o "Src/main.o"
arm-none-eabi-gcc "../Src/pid.c" -mcpu=cortex-m3 -std=gnu11 -g3 -DUSE_HAL_DRIVER -DSTM32F103xB -DDEBUG -c -I../Inc -I../Drivers/CMSIS/Device/ST/STM32F1xx/Include -I../Drivers/CMSIS/Include -I../Drivers/STM32F1xx_HAL_Driver/Inc/Legacy -I../Drivers/STM32F1xx_HAL_Driver/Inc -O0 -ffunction-sections -fdata-sections -Wall -fstack-usage -MMD -MP -MF"Src/pid.d" -MT"Src/pid.o" --specs=nano.specs -mfloat-abi=soft -mthumb -o "Src/pid.o"
../Src/pid.c:61:14: warning: 'math_constrain' defined but not used [-Wunused-function]
 static float math_constrain(float value, float min, float max)
              ^~~~~~~~~~~~~~
../Src/main.c: In function 'HAL_TIM_PeriodElapsedCallback':
../Src/main.c:602:12: warning: unused variable 'time' [-Wunused-variable]
   uint32_t time = HAL_GetTick() - start;
            ^~~~
arm-none-eabi-gcc -o "Test_boardC21.elf" @"objects.list"   -mcpu=cortex-m3 -T"C:\Users\DELL\Desktop\Bicopter_p\Test_boardC21\STM32F103C8TX_FLASH.ld" --specs=nosys.specs -Wl,-Map="Test_boardC21.map" -Wl,--gc-sections -static --specs=nano.specs -mfloat-abi=soft -mthumb -Wl,--start-group -lc -lm -Wl,--end-group
Finished building target: Test_boardC21.elf
 
arm-none-eabi-objdump -h -S  Test_boardC21.elf  > "Test_boardC21.list"
arm-none-eabi-size   Test_boardC21.elf 
   text	   data	    bss	    dec	    hex	filename
  50656	    152	   2696	  53504	   d100	Test_boardC21.elf
Finished building: default.size.stdout
 
Finished building: Test_boardC21.list
 
10:40:03 **** Incremental Build of configuration Debug for project Test_boardC21 ****
make -j12 all 
arm-none-eabi-size   Test_boardC21.elf 
   text	   data	    bss	    dec	    hex	filename
  50656	    152	   2696	  53504	   d100	Test_boardC21.elf
Finished building: default.size.stdout
 
10:40:22 **** Incremental Build of configuration Debug for project Test_boardC21 ****
make -j12 all 
arm-none-eabi-size   Test_boardC21.elf 
   text	   data	    bss	    dec	    hex	filename
  50656	    152	   2696	  53504	   d100	Test_boardC21.elf
Finished building: default.size.stdout
 
10:40:37 **** Incremental Build of configuration Debug for project Test_boardC21 ****
make -j12 all 
arm-none-eabi-size   Test_boardC21.elf 
   text	   data	    bss	    dec	    hex	filename
  50656	    152	   2696	  53504	   d100	Test_boardC21.elf
Finished building: default.size.stdout
 
10:40:53 **** Incremental Build of configuration Debug for project Test_boardC21 ****
make -j12 all 
arm-none-eabi-size   Test_boardC21.elf 
   text	   data	    bss	    dec	    hex	filename
  50656	    152	   2696	  53504	   d100	Test_boardC21.elf
Finished building: default.size.stdout
 
10:41:43 **** Incremental Build of configuration Debug for project Test_boardC21 ****
make -j12 all 
arm-none-eabi-size   Test_boardC21.elf 
   text	   data	    bss	    dec	    hex	filename
  50656	    152	   2696	  53504	   d100	Test_boardC21.elf
Finished building: default.size.stdout
 
10:42:39 **** Incremental Build of configuration Debug for project Test_boardC21 ****
make -j12 all 
arm-none-eabi-size   Test_boardC21.elf 
   text	   data	    bss	    dec	    hex	filename
  50656	    152	   2696	  53504	   d100	Test_boardC21.elf
Finished building: default.size.stdout
 
11:16:25 **** Incremental Build of configuration Debug for project Test_boardC21 ****
make -j12 all 
arm-none-eabi-gcc "../Src/main.c" -mcpu=cortex-m3 -std=gnu11 -g3 -DUSE_HAL_DRIVER -DSTM32F103xB -DDEBUG -c -I../Inc -I../Drivers/CMSIS/Device/ST/STM32F1xx/Include -I../Drivers/CMSIS/Include -I../Drivers/STM32F1xx_HAL_Driver/Inc/Legacy -I../Drivers/STM32F1xx_HAL_Driver/Inc -O0 -ffunction-sections -fdata-sections -Wall -fstack-usage -MMD -MP -MF"Src/main.d" -MT"Src/main.o" --specs=nano.specs -mfloat-abi=soft -mthumb -o "Src/main.o"
arm-none-eabi-gcc "../Src/pid.c" -mcpu=cortex-m3 -std=gnu11 -g3 -DUSE_HAL_DRIVER -DSTM32F103xB -DDEBUG -c -I../Inc -I../Drivers/CMSIS/Device/ST/STM32F1xx/Include -I../Drivers/CMSIS/Include -I../Drivers/STM32F1xx_HAL_Driver/Inc/Legacy -I../Drivers/STM32F1xx_HAL_Driver/Inc -O0 -ffunction-sections -fdata-sections -Wall -fstack-usage -MMD -MP -MF"Src/pid.d" -MT"Src/pid.o" --specs=nano.specs -mfloat-abi=soft -mthumb -o "Src/pid.o"
../Src/pid.c:61:14: warning: 'math_constrain' defined but not used [-Wunused-function]
 static float math_constrain(float value, float min, float max)
              ^~~~~~~~~~~~~~
../Src/main.c: In function 'HAL_TIM_PeriodElapsedCallback':
../Src/main.c:602:12: warning: unused variable 'time' [-Wunused-variable]
   uint32_t time = HAL_GetTick() - start;
            ^~~~
arm-none-eabi-gcc -o "Test_boardC21.elf" @"objects.list"   -mcpu=cortex-m3 -T"C:\Users\DELL\Desktop\Bicopter_p\Test_boardC21\STM32F103C8TX_FLASH.ld" --specs=nosys.specs -Wl,-Map="Test_boardC21.map" -Wl,--gc-sections -static --specs=nano.specs -mfloat-abi=soft -mthumb -Wl,--start-group -lc -lm -Wl,--end-group
Finished building target: Test_boardC21.elf
 
arm-none-eabi-objdump -h -S  Test_boardC21.elf  > "Test_boardC21.list"
arm-none-eabi-size   Test_boardC21.elf 
   text	   data	    bss	    dec	    hex	filename
  50840	    152	   2696	  53688	   d1b8	Test_boardC21.elf
Finished building: default.size.stdout
 
Finished building: Test_boardC21.list
 
