19:11:36 **** Incremental Build of configuration Debug for project uart_qt ****
make -j12 all 
arm-none-eabi-gcc "../Src/main.c" -mcpu=cortex-m3 -std=gnu11 -g3 -DUSE_HAL_DRIVER -DSTM32F103xB -DDEBUG -c -I../Inc -I../Drivers/CMSIS/Device/ST/STM32F1xx/Include -I../Drivers/CMSIS/Include -I../Drivers/STM32F1xx_HAL_Driver/Inc/Legacy -I../Drivers/STM32F1xx_HAL_Driver/Inc -O0 -ffunction-sections -fdata-sections -Wall -fstack-usage -MMD -MP -MF"Src/main.d" -MT"Src/main.o" --specs=nano.specs -mfloat-abi=soft -mthumb -o "Src/main.o"
arm-none-eabi-gcc -o "uart_qt.elf" @"objects.list"   -mcpu=cortex-m3 -T"C:\Users\DELL\Desktop\Bicopter_p\uart_qt\STM32F103C8TX_FLASH.ld" --specs=nosys.specs -Wl,-Map="uart_qt.map" -Wl,--gc-sections -static --specs=nano.specs -mfloat-abi=soft -mthumb -Wl,--start-group -lc -lm -Wl,--end-group
Finished building target: uart_qt.elf
 
arm-none-eabi-objdump -h -S  uart_qt.elf  > "uart_qt.list"
arm-none-eabi-size   uart_qt.elf 
   text	   data	    bss	    dec	    hex	filename
   5568	     20	   1668	   7256	   1c58	uart_qt.elf
Finished building: default.size.stdout
 
Finished building: uart_qt.list
 

19:11:37 Build Finished. 0 errors, 0 warnings. (took 1s.371ms)

