main.c:161:5:_write	24	static
main.c:167:6:receive_value	32	static
main.c:186:5:main	8	static
main.c:271:6:SystemClock_Config	72	static
main.c:309:13:MX_I2C1_Init	8	static
main.c:343:13:MX_SPI2_Init	8	static
main.c:381:13:MX_TIM3_Init	48	static
main.c:445:13:MX_TIM4_Init	32	static
main.c:490:13:MX_USART1_UART_Init	8	static
main.c:523:13:MX_USART2_UART_Init	8	static
main.c:554:13:MX_DMA_Init	16	static
main.c:575:13:MX_GPIO_Init	40	static
main.c:613:6:HAL_TIM_PeriodElapsedCallback	48	static
main.c:646:6:HAL_UARTEx_RxEventCallback	16	static
main.c:671:6:Error_Handler	4	static,ignoring_inline_asm
